###############################################################################
#
# IAR ELF Linker V8.40.1.212/W32 for ARM                  11/Jul/2019  16:23:30
# Copyright 2007-2019 IAR Systems AB.
#
#    Output file  =  D:\Embedded_Programming\YENI PROJE\Debug\Exe\c.out
#    Map file     =  D:\Embedded_Programming\YENI PROJE\Debug\List\c.map
#    Command line =
#        -f C:\Users\YASINK~1\AppData\Local\Temp\EW705C.tmp
#        ("D:\Embedded_Programming\YENI PROJE\Debug\Obj\bsp.o"
#        "D:\Embedded_Programming\YENI PROJE\Debug\Obj\cstartup_M.o"
#        "D:\Embedded_Programming\YENI PROJE\Debug\Obj\main.o"
#        --no_out_extension -o "D:\Embedded_Programming\YENI
#        PROJE\Debug\Exe\c.out" --redirect _Printf=_PrintfFullNoMb --redirect
#        _Scanf=_ScanfFullNoMb --map "D:\Embedded_Programming\YENI
#        PROJE\Debug\List\c.map" --config "D:\Embedded_Programming\YENI
#        PROJE\project.icf" --entry __iar_program_start "D:\Program Files
#        (x86)\IAR Systems\Embedded Workbench
#        8.3\arm\CMSIS\Lib\IAR\iar_cortexM4lf_math.a" --vfe --text_out locale)
#
###############################################################################

*******************************************************************************
*** RUNTIME MODEL ATTRIBUTES
***

CppFlavor       = *
__SystemLibrary = DLib
__dlib_version  = 6


*******************************************************************************
*** HEAP SELECTION
***

The basic heap was selected because some modules are built with
size limitations (and not runtime checking), and --advanced_heap
was not specified.


*******************************************************************************
*** PLACEMENT SUMMARY
***

"A0":  place at address 0x0 { ro section .intvec };
"P1":  place in [from 0x0 to 0x3'ffff] { ro };
define block CSTACK with size = 1K, alignment = 8 { };
define block HEAP with size = 0, alignment = 8 { };
"P2":  place in [from 0x2000'0000 to 0x2000'7fff] {
          rw, block CSTACK, block HEAP };

  Section          Kind         Address   Size  Object
  -------          ----         -------   ----  ------
"A0":                                     0x90
  .intvec          const            0x0   0x90  cstartup_M.o [1]
                                 - 0x90   0x90

"P1":                                    0x398
  .text            ro code         0x90  0x1fe  main.o [1]
  .text            ro code        0x28e   0x3a  zero_init3.o [4]
  .rodata          const          0x2c8   0x38  main.o [1]
  .text            ro code        0x300   0x28  data_init.o [4]
  .text            ro code        0x328   0x22  fpinit_M.o [3]
  .iar.init_table  const          0x34c   0x10  - Linker created -
  .text            ro code        0x35c    0x2  cstartup_M.o [1]
  .rodata          const          0x360   0x20  main.o [1]
  .text            ro code        0x380   0x1e  cmain.o [4]
  .text            ro code        0x39e    0x4  low_level_init.o [2]
  .text            ro code        0x3a2    0x4  exit.o [2]
  .text            ro code        0x3a6    0x2  cstartup_M.o [1]
  .text            ro code        0x3a8    0xa  cexit.o [4]
  .text            ro code        0x3b2    0x2  cstartup_M.o [1]
  .text            ro code        0x3b4    0xc  XXexit.o [4]
  .rodata          const          0x3c0   0x1c  main.o [1]
  .rodata          const          0x3dc   0x1c  main.o [1]
  .rodata          const          0x3f8   0x14  main.o [1]
  .text            ro code        0x40c   0x10  cstartup_M.o [1]
  .text            ro code        0x41c    0x2  cstartup_M.o [1]
  .text            ro code        0x41e    0x2  cstartup_M.o [1]
  .text            ro code        0x420    0x2  cstartup_M.o [1]
  .text            ro code        0x422    0x2  cstartup_M.o [1]
  .text            ro code        0x424    0x2  cstartup_M.o [1]
  .text            ro code        0x426    0x2  cstartup_M.o [1]
  .rodata          const          0x428    0x0  zero_init3.o [4]
                                - 0x428  0x398

"P2", part 1 of 2:                         0x8
  .bss             zero     0x2000'0000    0x4  main.o [1]
  .bss             zero     0x2000'0004    0x4  main.o [1]
                          - 0x2000'0008    0x8

"P2", part 2 of 2:                       0x400
  CSTACK                    0x2000'0008  0x400  <Block>
    CSTACK         uninit   0x2000'0008  0x400  <Block tail>
                          - 0x2000'0408  0x400

Unused ranges:

         From           To      Size
         ----           --      ----
        0x428     0x3'ffff  0x3'fbd8
  0x2000'0408  0x2000'7fff    0x7bf8


*******************************************************************************
*** INIT TABLE
***

          Address      Size
          -------      ----
Zero (__iar_zero_init3)
    1 destination range, total size 0x8:
          0x2000'0000   0x8



*******************************************************************************
*** MODULE SUMMARY
***

    Module            ro code  ro data  rw data
    ------            -------  -------  -------
command line/config:
    -------------------------------------------
    Total:

D:\Embedded_Programming\YENI PROJE\Debug\Obj: [1]
    cstartup_M.o           34      144
    main.o                510      164        8
    -------------------------------------------
    Total:                544      308        8

dl7M_tln.a: [2]
    exit.o                  4
    low_level_init.o        4
    -------------------------------------------
    Total:                  8

m7M_tls.a: [3]
    fpinit_M.o             34
    -------------------------------------------
    Total:                 34

rt7M_tl.a: [4]
    XXexit.o               12
    cexit.o                10
    cmain.o                30
    data_init.o            40
    zero_init3.o           58
    -------------------------------------------
    Total:                150

    Gaps                             4
    Linker created                  16    1'024
-----------------------------------------------
    Grand Total:          736      328    1'032


*******************************************************************************
*** ENTRY LIST
***

Entry                       Address   Size  Type      Object
-----                       -------   ----  ----      ------
.iar.init_table$$Base         0x34c          --   Gb  - Linker created -
.iar.init_table$$Limit        0x35c          --   Gb  - Linker created -
?main                         0x381         Code  Gb  cmain.o [4]
CSTACK$$Base            0x2000'0008          --   Gb  - Linker created -
CSTACK$$Limit           0x2000'0408          --   Gb  - Linker created -
Region$$Table$$Base           0x34c          --   Gb  - Linker created -
Region$$Table$$Limit          0x35c          --   Gb  - Linker created -
SW1                     0x2000'0000    0x4  Data  Gb  main.o [1]
SysTick_Handler                0x91   0x22  Code  Gb  main.o [1]
__cmain                       0x381         Code  Gb  cmain.o [4]
__exit                        0x3b5         Code  Gb  XXexit.o [4]
__iar_data_init3              0x301   0x28  Code  Gb  data_init.o [4]
__iar_init_vfp                0x329         Code  Gb  fpinit_M.o [3]
__iar_program_start           0x40d   0x10  Code  Gb  cstartup_M.o [1]
__iar_zero_init3              0x28f   0x3a  Code  Gb  zero_init3.o [4]
__low_level_init              0x39f    0x4  Code  Gb  low_level_init.o [2]
__vector_table                  0x0   0x90  Data  Gb  cstartup_M.o [1]
_call_main                    0x38d         Code  Gb  cmain.o [4]
_exit                         0x3a9         Code  Gb  cexit.o [4]
_main                         0x39b         Code  Gb  cmain.o [4]
_pushbutton                    0xb3   0x26  Code  Gb  main.o [1]
exit                          0x3a3    0x4  Code  Gb  exit.o [2]
main                           0xd9  0x100  Code  Gb  main.o [1]
printChar                     0x1e9   0x12  Code  Gb  main.o [1]
printString                   0x279   0x16  Code  Gb  main.o [1]
readChar                      0x1d9   0x10  Code  Gb  main.o [1]
say                     0x2000'0004    0x4  Data  Gb  main.o [1]


[1] = D:\Embedded_Programming\YENI PROJE\Debug\Obj
[2] = dl7M_tln.a
[3] = m7M_tls.a
[4] = rt7M_tl.a

    736 bytes of readonly  code memory
    328 bytes of readonly  data memory
  1'032 bytes of readwrite data memory

Errors: none
Warnings: none
